2025-07-09 11:31:29,330 - amazon_scraper - INFO - Chrome driver initialized successfully
2025-07-09 11:31:29,331 - amazon_scraper - INFO - Amazon India Product Scraper Started
2025-07-09 11:31:29,332 - amazon_scraper - INFO - Processing category: Shoes
2025-07-09 11:31:29,332 - amazon_scraper - INFO - Processing gender: Women in Shoes
2025-07-09 11:31:29,332 - amazon_scraper - INFO - Scraping search: women+high+heels+designer
2025-07-09 11:31:38,007 - amazon_scraper - INFO - Downloaded image: womens-heel-sandals-elegant-high-heel-sandals-for--original.jpg
2025-07-09 11:31:39,995 - amazon_scraper - INFO - Downloaded image: symbol-premium-original.jpg
2025-07-09 11:31:41,160 - amazon_scraper - INFO - Downloaded image: classy-maroon-high-heels-for-womens-girls-perfect--original.jpg
2025-07-09 11:31:42,725 - amazon_scraper - INFO - Downloaded image: womens-open-toe-fashion-high-heel-buckled-closure--original.jpg
2025-07-09 11:31:44,629 - amazon_scraper - INFO - Downloaded image: womens-kitten-mules-heels-glitter-sparkle-heel-wit-original.jpg
2025-07-09 11:31:45,768 - amazon_scraper - INFO - Downloaded image: high-heels-chunky-block-platform-heels-for-women-a-original.jpg
2025-07-09 11:31:47,851 - amazon_scraper - INFO - Downloaded image: extra-soft-fashionable-stylish-slippershigh-heels--original.jpg
2025-07-09 11:31:49,107 - amazon_scraper - INFO - Downloaded image: womens-chunky-platform-high-heels-closed-toe-block-original.jpg
2025-07-09 11:31:50,360 - amazon_scraper - INFO - Downloaded image: platform-strappy-heel-sandals-square-open-toe-two--original.jpg
2025-07-09 11:31:51,852 - amazon_scraper - INFO - Downloaded image: lace-up-heels-for-women-ankle-strappy-gladiator-hi-original.jpg
2025-07-09 11:31:53,566 - amazon_scraper - INFO - Downloaded image: diva-lookss-classy-maroon-high-heels-for-women-per-original.jpg
2025-07-09 11:31:54,696 - amazon_scraper - INFO - Downloaded image: womens-floral-print-high-heels-pumps-gnnpazaleap-original.jpg
2025-07-09 11:31:56,254 - amazon_scraper - INFO - Downloaded image: high-cone-heel-slippers-sandals-for-girls-and-wome-original.jpg
2025-07-09 11:31:57,747 - amazon_scraper - INFO - Downloaded image: womens-opentoe-slipon-stilettos-with-glossy-finish-original.jpg
2025-07-09 11:31:59,104 - amazon_scraper - INFO - Downloaded image: stylish-embellished-kitten-heels-sandal-for-women--original.jpg
2025-07-09 11:32:00,974 - amazon_scraper - INFO - Downloaded image: women-noir-curve-high-heels-open-back-sleek-design-original.jpg
2025-07-09 11:32:02,180 - amazon_scraper - INFO - Downloaded image: womens-block-heel-sandal-platform-sandal-ankle-str-original.jpg
2025-07-09 11:32:04,153 - amazon_scraper - INFO - Downloaded image: women-designer-pencil-heel-sandal-for-women-latest-original.jpg
2025-07-09 11:32:06,815 - amazon_scraper - INFO - Downloaded image: womens-pumps-closed-round-toe-chunky-high-heels-pl-original.jpg
2025-07-09 11:32:07,869 - amazon_scraper - INFO - Downloaded image: womens-platform-block-heels-with-adjustable-ankle--original.jpg
2025-07-09 11:32:09,198 - amazon_scraper - INFO - Downloaded image: womens-chunky-platform-heels-with-adjustable-ankle-original.jpg
2025-07-09 11:32:10,814 - amazon_scraper - INFO - Downloaded image: fashion-casual-strappy-block-heels-sandals-for-wom-original.jpg
2025-07-09 11:32:12,736 - amazon_scraper - INFO - Downloaded image: womens-elegant-heels-block-heel-sandals-with-stret-original.jpg
2025-07-09 11:32:14,068 - amazon_scraper - INFO - Downloaded image: uunda-fashion-uunda-fashion-womens-fancy-stylish-b-original.jpg
2025-07-09 11:32:17,268 - amazon_scraper - INFO - Downloaded image: women-faux-leather-classic-work-pumps-semipointed--original.jpg
2025-07-09 11:32:18,376 - amazon_scraper - INFO - Downloaded image: womens-high-heel-fashion-sandals-slippers-original.jpg
2025-07-09 11:32:21,724 - amazon_scraper - INFO - Downloaded image: alluring-stylish-pencil-heel-sandals-latest-strapp-original.jpg
2025-07-09 11:32:23,231 - amazon_scraper - INFO - Downloaded image: womens-platform-high-chunky-heels-closed-toe-block-original.jpg
2025-07-09 11:32:26,757 - amazon_scraper - INFO - Downloaded image: womens-block-heels-sandal-open-toe-platform-ankle--original.jpg
2025-07-09 11:32:30,036 - amazon_scraper - INFO - Downloaded image: bhains-ki-ankh-original.jpg
2025-07-09 11:32:31,187 - amazon_scraper - INFO - Downloaded image: womens-chunky-platform-block-heeled-sandal-pointed-original.jpg
2025-07-09 11:32:33,251 - amazon_scraper - INFO - Downloaded image: slingback-heels-for-women-pointed-toe-stiletto-hig-original.jpg
2025-07-09 11:32:35,091 - amazon_scraper - INFO - Downloaded image: womens-platform-block-heel-sandals-with-adjustable-original.jpg
2025-07-09 11:32:37,085 - amazon_scraper - INFO - Downloaded image: womens-copper-elegant-low-heels-sparkling-peep-toe-original.jpg
2025-07-09 11:32:40,621 - amazon_scraper - INFO - Downloaded image: fancy-stylish-pencil-heel-sandals-latest-strappy-h-original.jpg
2025-07-09 11:32:48,594 - amazon_scraper - INFO - Downloaded image: commander-shoes-original.jpg
2025-07-09 11:32:51,979 - amazon_scraper - INFO - Downloaded image: women-designer-animal-print-pumps-original.jpg
2025-07-09 11:32:53,348 - amazon_scraper - INFO - Downloaded image: womens-platform-heel-wedges-sandal-slipon-sandal-h-original.jpg
2025-07-09 11:32:54,136 - amazon_scraper - INFO - Downloaded image: clouter-hub-original.jpg
2025-07-09 11:32:55,898 - amazon_scraper - INFO - Downloaded image: womens-fancy-trending-and-stylish-chunky-block-hig-original.jpg
2025-07-09 11:32:57,844 - amazon_scraper - INFO - Downloaded image: women-designer-pumpswomen-heels-women-court-shoesw-original.jpg
2025-07-09 11:32:59,237 - amazon_scraper - INFO - Downloaded image: women-kelly-block-heel-sandals-original.jpg
2025-07-09 11:33:00,157 - amazon_scraper - INFO - Downloaded image: women-mary-jane-block-heels-single-strap-round-toe-original.jpg
2025-07-09 11:33:01,450 - amazon_scraper - INFO - Downloaded image: womens-opentoe-flower-design-spool-heels-with-flor-original.jpg
2025-07-09 11:33:02,970 - amazon_scraper - INFO - Downloaded image: women-mary-jane-block-heels-pointed-toe-ankle-stra-original.jpg
2025-07-09 11:33:03,949 - amazon_scraper - INFO - Extracted 60 products from women+high+heels+designer
2025-07-09 11:33:09,193 - amazon_scraper - INFO - Scraping search: women+sneakers+athletic
2025-07-09 11:33:19,795 - amazon_scraper - INFO - Downloaded image: doctor-extra-soft-original.jpg
2025-07-09 11:33:21,708 - amazon_scraper - INFO - Downloaded image: comfortable-stylish-slipon-athleisure-sneaker-shoe-original.jpg
2025-07-09 11:33:22,777 - amazon_scraper - INFO - Downloaded image: womens-lightweight-athleisure-knitted-active-wear--original.jpg
2025-07-09 11:33:25,732 - amazon_scraper - INFO - Downloaded image: women-rassle-sneakers-original.jpg
2025-07-09 11:33:26,800 - amazon_scraper - INFO - Downloaded image: women-black-casual-stylish-sneakers-original.jpg
2025-07-09 11:33:30,546 - amazon_scraper - INFO - Downloaded image: womens-cute-sports-running-shoeswalking-gym-casual-original.jpg
2025-07-09 11:33:31,780 - amazon_scraper - INFO - Downloaded image: women-derbi-sneakers-original.jpg
2025-07-09 11:33:32,890 - amazon_scraper - INFO - Downloaded image: women-go-run-400-running-shoe-original.jpg
2025-07-09 11:33:34,371 - amazon_scraper - INFO - Downloaded image: women-dynamight-sneakers-original.jpg
2025-07-09 11:33:36,289 - amazon_scraper - INFO - Downloaded image: alexa-sports-shoes-for-women-stylish-breathable-ch-original.jpg
2025-07-09 11:33:38,013 - amazon_scraper - INFO - Downloaded image: women-nancy02-sneakers-and-casual-wear-shoes-with--original.jpg
2025-07-09 11:33:41,249 - amazon_scraper - INFO - Downloaded image: womens-softcomfortable-lace-up-sneakers-lightweigh-original.jpg
2025-07-09 11:33:42,921 - amazon_scraper - INFO - Downloaded image: womens-shoes-for-walking-gym-training-casual-sport-original.jpg
2025-07-09 11:33:45,539 - amazon_scraper - INFO - Downloaded image: the-souled-store-original.jpg
2025-07-09 11:33:46,812 - amazon_scraper - INFO - Downloaded image: chunky-sneakers-for-women-cushioned-insole-antiski-original.jpg
2025-07-09 11:33:48,422 - amazon_scraper - INFO - Downloaded image: kob-sook-walk-with-joy-original.jpg
2025-07-09 11:33:49,726 - amazon_scraper - INFO - Downloaded image: womens-mesh-casual-shoes-jw022-original.jpg
2025-07-09 11:33:53,059 - amazon_scraper - INFO - Downloaded image: soft-memory-foam-shoes-for-women-walking-jogging-g-original.jpg
2025-07-09 11:33:54,182 - amazon_scraper - INFO - Downloaded image: women-nigma-sneakers-original.jpg
2025-07-09 11:33:57,077 - amazon_scraper - INFO - Downloaded image: womens-lightweight-athleisure-slipon-sneakers-casu-original.jpg
2025-07-09 11:34:03,765 - amazon_scraper - INFO - Downloaded image: womens-athleisure-knitted-active-wear-slipon-sneak-original.jpg
2025-07-09 11:34:10,422 - amazon_scraper - INFO - Downloaded image: bacca-bucci-original.jpg
2025-07-09 11:34:11,942 - amazon_scraper - INFO - Downloaded image: womens-fireflty03-sports-runningwalking-gym-shoes--original.jpg
2025-07-09 11:34:13,767 - amazon_scraper - INFO - Downloaded image: women-aroma05-running-and-casual-wear-running-shoe-original.jpg
2025-07-09 11:34:16,032 - amazon_scraper - INFO - Downloaded image: womens-comfortable-slipon-sneakers-smart-and-casua-original.jpg
2025-07-09 11:34:17,858 - amazon_scraper - INFO - Downloaded image: women-jessica-running-shoes-original.jpg
2025-07-09 11:34:21,425 - amazon_scraper - INFO - Downloaded image: women-flora01-running-and-casual-wear-running-shoe-original.jpg
2025-07-09 11:34:23,200 - amazon_scraper - INFO - Downloaded image: womens-melody71-casual-loafersneaker-moccasins-sho-original.jpg
2025-07-09 11:34:24,512 - amazon_scraper - INFO - Downloaded image: women-mesh-lace-up-running-shoes-original.jpg
2025-07-09 11:34:26,766 - amazon_scraper - INFO - Downloaded image: flexible-memory-foam-womens-shoes-for-walking-gym--original.jpg
2025-07-09 11:34:28,499 - amazon_scraper - INFO - Downloaded image: womens-superfly04-sports-running-shoes-with-superi-original.jpg
2025-07-09 11:34:30,270 - amazon_scraper - INFO - Downloaded image: women-aroma04-running-and-casual-wear-running-shoe-original.jpg
2025-07-09 11:34:32,126 - amazon_scraper - INFO - Downloaded image: womens-blossom08-sports-running-shoes-with-ultra-m-original.jpg
2025-07-09 11:34:33,602 - amazon_scraper - INFO - Downloaded image: womens-go-run-400-sneaker-original.jpg
2025-07-09 11:34:37,037 - amazon_scraper - INFO - Downloaded image: womens-blossom07-sports-running-shoes-with-ultra-m-original.jpg
2025-07-09 11:34:38,176 - amazon_scraper - INFO - Downloaded image: presents-casual-collection-of-white-shoes-casuals--original.jpg
2025-07-09 11:34:41,077 - amazon_scraper - INFO - Downloaded image: casual-shoes-for-womenmenkids-stylish-comfortable--original.jpg
