2025-07-09 11:22:52,886 - amazon_scraper - INFO - Chrome driver initialized successfully
2025-07-09 11:22:52,887 - amazon_scraper - INFO - Amazon India Product Scraper Started
2025-07-09 11:22:52,887 - amazon_scraper - INFO - Processing category: Shoes
2025-07-09 11:22:52,887 - amazon_scraper - INFO - Processing gender: Women in Shoes
2025-07-09 11:22:52,887 - amazon_scraper - INFO - Scraping search: women+high+heels+designer
2025-07-09 11:23:00,101 - amazon_scraper - INFO - Downloaded image: womens-kitten-mules-heels-glitter-sparkle-heel-wit-original.jpg
2025-07-09 11:23:01,131 - amazon_scraper - INFO - Downloaded image: high-heels-chunky-block-platform-heels-for-women-a-original.jpg
2025-07-09 11:23:03,040 - amazon_scraper - INFO - Downloaded image: extra-soft-fashionable-stylish-slippershigh-heels--original.jpg
2025-07-09 11:23:04,192 - amazon_scraper - INFO - Downloaded image: platform-strappy-heel-sandals-square-open-toe-two--original.jpg
2025-07-09 11:23:06,218 - amazon_scraper - INFO - Downloaded image: womens-chunky-platform-high-heels-closed-toe-block-original.jpg
2025-07-09 11:23:08,125 - amazon_scraper - INFO - Downloaded image: lace-up-heels-for-women-ankle-strappy-gladiator-hi-original.jpg
2025-07-09 11:23:09,197 - amazon_scraper - INFO - Downloaded image: high-cone-heel-slippers-sandals-for-girls-and-wome-original.jpg
2025-07-09 11:23:11,282 - amazon_scraper - INFO - Downloaded image: womens-floral-print-high-heels-pumps-gnnpazaleap-original.jpg
2025-07-09 11:23:12,414 - amazon_scraper - INFO - Downloaded image: diva-lookss-classy-maroon-high-heels-for-women-per-original.jpg
2025-07-09 11:23:14,544 - amazon_scraper - INFO - Downloaded image: womens-opentoe-slipon-stilettos-with-glossy-finish-original.jpg
2025-07-09 11:23:16,135 - amazon_scraper - INFO - Downloaded image: stylish-embellished-kitten-heels-sandal-for-women--original.jpg
2025-07-09 11:23:17,333 - amazon_scraper - INFO - Downloaded image: womens-block-heel-sandal-platform-sandal-ankle-str-original.jpg
2025-07-09 11:23:19,014 - amazon_scraper - INFO - Downloaded image: women-noir-curve-high-heels-open-back-sleek-design-original.jpg
2025-07-09 11:23:20,585 - amazon_scraper - INFO - Downloaded image: women-designer-pencil-heel-sandal-for-women-latest-original.jpg
2025-07-09 11:23:24,001 - amazon_scraper - INFO - Downloaded image: womens-high-heel-fashion-sandals-slippers-original.jpg
2025-07-09 11:23:25,212 - amazon_scraper - INFO - Downloaded image: womens-pumps-closed-round-toe-chunky-high-heels-pl-original.jpg
2025-07-09 11:23:26,528 - amazon_scraper - INFO - Downloaded image: womens-platform-high-chunky-heels-closed-toe-block-original.jpg
2025-07-09 11:23:28,447 - amazon_scraper - INFO - Downloaded image: uunda-fashion-uunda-fashion-womens-fancy-stylish-b-original.jpg
2025-07-09 11:23:30,276 - amazon_scraper - INFO - Downloaded image: boots-shoes-for-women-midtop-comfortable-lightweig-original.jpg
2025-07-09 11:23:32,075 - amazon_scraper - INFO - Downloaded image: womens-formal-block-heel-pump-shoes-for-office-par-original.jpg
2025-07-09 11:23:33,172 - amazon_scraper - INFO - Downloaded image: womens-pointed-toe-block-heel-pumps-for-office-par-original.jpg
2025-07-09 11:23:34,533 - amazon_scraper - INFO - Downloaded image: womens-stylish-block-heels-opentoe-sandals-with-el-original.jpg
2025-07-09 11:23:36,031 - amazon_scraper - INFO - Downloaded image: women-faux-leather-classic-work-pumps-semipointed--original.jpg
2025-07-09 11:23:38,562 - amazon_scraper - INFO - Downloaded image: alluring-stylish-pencil-heel-sandals-latest-strapp-original.jpg
2025-07-09 11:23:41,443 - amazon_scraper - INFO - Downloaded image: womens-block-heels-sandal-open-toe-platform-ankle--original.jpg
2025-07-09 11:23:44,573 - amazon_scraper - INFO - Downloaded image: bhains-ki-ankh-original.jpg
2025-07-09 11:23:45,689 - amazon_scraper - INFO - Downloaded image: womens-chunky-platform-block-heeled-sandal-pointed-original.jpg
2025-07-09 11:23:47,154 - amazon_scraper - INFO - Downloaded image: slingback-heels-for-women-pointed-toe-stiletto-hig-original.jpg
2025-07-09 11:23:50,458 - amazon_scraper - INFO - Downloaded image: womens-platform-block-heel-sandals-with-adjustable-original.jpg
2025-07-09 11:23:53,491 - amazon_scraper - INFO - Downloaded image: clouter-hub-original.jpg
2025-07-09 11:23:55,131 - amazon_scraper - INFO - Downloaded image: womens-copper-elegant-low-heels-sparkling-peep-toe-original.jpg
2025-07-09 11:23:58,854 - amazon_scraper - INFO - Downloaded image: fancy-stylish-pencil-heel-sandals-latest-strappy-h-original.jpg
2025-07-09 11:24:04,944 - amazon_scraper - INFO - Downloaded image: commander-shoes-original.jpg
2025-07-09 11:24:07,879 - amazon_scraper - INFO - Downloaded image: women-designer-animal-print-pumps-original.jpg
2025-07-09 11:24:08,868 - amazon_scraper - INFO - Downloaded image: womens-platform-heel-wedges-sandal-slipon-sandal-h-original.jpg
2025-07-09 11:24:10,102 - amazon_scraper - INFO - Downloaded image: k-kommy-fashions-original.jpg
2025-07-09 11:24:11,095 - amazon_scraper - INFO - Downloaded image: women-girls-pointed-toe-block-heel-pumps-slipon-li-original.jpg
2025-07-09 11:24:13,238 - amazon_scraper - INFO - Downloaded image: womens-shoes-stylish-cool-design-laceup-solid-ligh-original.jpg
2025-07-09 11:24:14,687 - amazon_scraper - INFO - Downloaded image: women-kelly-block-heel-sandals-original.jpg
2025-07-09 11:24:15,860 - amazon_scraper - INFO - Downloaded image: pull-on-sneaker-for-women-new-buckle-ornament-desi-original.jpg
2025-07-09 11:24:17,128 - amazon_scraper - INFO - Downloaded image: women-mary-jane-block-heels-single-strap-round-toe-original.jpg
2025-07-09 11:24:18,600 - amazon_scraper - INFO - Downloaded image: womens-fashion-comfortable-trendy-flatform-sandals-original.jpg
2025-07-09 11:24:20,090 - amazon_scraper - INFO - Downloaded image: fabulous-attractive-design-perfect-for-every-occas-original.jpg
2025-07-09 11:24:21,247 - amazon_scraper - INFO - Downloaded image: womens-platform-block-heels-with-adjustable-ankle--original.jpg
2025-07-09 11:24:22,456 - amazon_scraper - INFO - Downloaded image: womens-chunky-platform-heels-with-adjustable-ankle-original.jpg
2025-07-09 11:24:23,167 - amazon_scraper - INFO - Extracted 60 products from women+high+heels+designer
2025-07-09 11:24:28,842 - amazon_scraper - INFO - Scraping search: women+sneakers+athletic
2025-07-09 11:24:38,397 - amazon_scraper - INFO - Downloaded image: doctor-extra-soft-original.jpg
2025-07-09 11:24:42,589 - amazon_scraper - INFO - Downloaded image: women-rassle-sneakers-original.jpg
2025-07-09 11:24:44,094 - amazon_scraper - INFO - Downloaded image: women-black-casual-stylish-sneakers-original.jpg
2025-07-09 11:24:49,335 - amazon_scraper - INFO - Downloaded image: womens-cute-sports-running-shoeswalking-gym-casual-original.jpg
2025-07-09 11:24:51,485 - amazon_scraper - INFO - Downloaded image: women-derbi-sneakers-original.jpg
2025-07-09 11:24:53,435 - amazon_scraper - INFO - Downloaded image: women-go-run-400-running-shoe-original.jpg
2025-07-09 11:24:54,829 - amazon_scraper - INFO - Downloaded image: women-nigma-sneakers-original.jpg
2025-07-09 11:24:56,362 - amazon_scraper - INFO - Downloaded image: women-dynamight-sneakers-original.jpg
2025-07-09 11:24:58,352 - amazon_scraper - INFO - Downloaded image: womens-softcomfortable-lace-up-sneakers-lightweigh-original.jpg
2025-07-09 11:24:59,764 - amazon_scraper - INFO - Downloaded image: alexa-sports-shoes-for-women-stylish-breathable-ch-original.jpg
2025-07-09 11:25:01,223 - amazon_scraper - INFO - Downloaded image: women-nancy02-sneakers-and-casual-wear-shoes-with--original.jpg
2025-07-09 11:25:03,043 - amazon_scraper - INFO - Downloaded image: comfortable-stylish-slipon-athleisure-sneaker-shoe-original.jpg
2025-07-09 11:25:04,304 - amazon_scraper - INFO - Downloaded image: womens-lightweight-athleisure-slipon-sneakers-casu-original.jpg
2025-07-09 11:25:06,738 - amazon_scraper - INFO - Downloaded image: womens-athleisure-knitted-active-wear-slipon-sneak-original.jpg
2025-07-09 11:25:10,268 - amazon_scraper - INFO - Downloaded image: womens-reva-lace-up-running-shoes-original.jpg
